SQL> @ /home/draigoza/Desktop/MasterOwl_Sales/set_shipd.sql;

Warning: Procedure created with compilation errors.

Errors for PROCEDURE SET_SHIPPINGDATE:

LINE/COL ERROR                                                                  
-------- -----------------------------------------------------------------      
19/7     PLS-00103: Encountered the symbol ";" when expecting one of the        
         following:                                                             
         constant exception <an identifier>                                     
         <a double-quoted delimited-identifier> table long double ref           
         char time timestamp interval date binary national character            
         nchar                                                                  
                                                                                
SQL> @ /home/draigoza/Desktop/MasterOwl_Sales/set_shipd.sql;

Warning: Procedure created with compilation errors.

Errors for PROCEDURE SET_SHIPPINGDATE:

LINE/COL ERROR                                                                  
-------- -----------------------------------------------------------------      
20/1     PLS-00103: Encountered the symbol "END" when expecting one of the      
         following:                                                             
         begin function pragma procedure subtype type <an identifier>           
         <a double-quoted delimited-identifier> current cursor delete           
         exists prior external language                                         
         The symbol "external was inserted before "END" to continue.            
                                                                                
SQL> @ /home/draigoza/Desktop/MasterOwl_Sales/my_tables.sql;

Table dropped.


Table dropped.


Table dropped.


Table dropped.


Table dropped.


Table created.


Table created.


Table created.


Table created.


Table created.

SQL> @ /home/draigoza/Desktop/MasterOwl_Sales/Store_queries.sql;

1 row created.


1 row created.


1 row created.


1 row created.


1 row created.


1 row created.


1 row created.


1 row created.


1 row created.


1 row created.


1 row created.


1 row created.


1 row created.


1 row created.


1 row created.


1 row created.


1 row created.


1 row created.


1 row created.


1 row created.


1 row created.

SQL> @ /home/draigoza/Desktop/MasterOwl_Sales/set_shipd.sql;

Warning: Procedure created with compilation errors.

Errors for PROCEDURE SET_SHIPPINGDATE:

LINE/COL ERROR                                                                  
-------- -----------------------------------------------------------------      
19/7     PLS-00103: Encountered the symbol ";" when expecting one of the        
         following:                                                             
         constant exception <an identifier>                                     
         <a double-quoted delimited-identifier> table long double ref           
         char time timestamp interval date binary national character            
         nchar                                                                  
                                                                                
SQL> @ /home/draigoza/Desktop/MasterOwl_Sales/set_shipd.sql;

Warning: Procedure created with compilation errors.

Errors for PROCEDURE SET_SHIPPINGDATE:

LINE/COL ERROR                                                                  
-------- -----------------------------------------------------------------      
20/1     PLS-00103: Encountered the symbol "END" when expecting one of the      
         following:                                                             
         begin function pragma procedure subtype type <an identifier>           
         <a double-quoted delimited-identifier> current cursor delete           
         exists prior external language                                         
         The symbol "external was inserted before "END" to continue.            
                                                                                
SQL> @ /home/draigoza/Desktop/MasterOwl_Sales/set_shipd.sql;

Warning: Procedure created with compilation errors.

Errors for PROCEDURE SET_SHIPPINGDATE:

LINE/COL ERROR                                                                  
-------- -----------------------------------------------------------------      
20/1     PLS-00103: Encountered the symbol "END" when expecting one of the      
         following:                                                             
         ( begin case declare exit for goto if loop mod null pragma             
         raise return select update while with <an identifier>                  
         <a double-quoted delimited-identifier> <a bind variable> <<            
         continue close current delete fetch lock insert open rollback          
         savepoint set sql execute commit forall merge pipe purge               
                                                                                
SQL> @ /home/draigoza/Desktop/MasterOwl_Sales/set_shipd.sql;

Warning: Procedure created with compilation errors.

Errors for PROCEDURE SET_SHIPPINGDATE:

LINE/COL ERROR                                                                  
-------- -----------------------------------------------------------------      
21/1     PLS-00103: Encountered the symbol "END" when expecting one of the      
         following:                                                             
         ;                                                                      
         The symbol ";" was substituted for "END" to continue.                  
                                                                                
SQL> @ /home/draigoza/Desktop/MasterOwl_Sales/set_shipd.sql;

Procedure created.

No errors.
SQL> @ /home/draigoza/Desktop/MasterOwl_Sales/set_shipd.sql;

Procedure created.

No errors.
SQL> @ /home/draigoza/Desktop/MasterOwl_Sales/set_shipd.sql;

Procedure created.

No errors.
SQL> @ /home/draigoza/Desktop/MasterOwl_Sales/set_shipd.sql;

Procedure created.

No errors.
SQL> select * from ItemOrder;

ORDERID  ITEMID     CUSTID     NO_OF_ITEMS SHIPPED_D DATE_OF_O SHIPPING_FEE     
-------- ---------- ---------- ----------- --------- --------- ------------     
TOTAL_COST                                                                      
----------                                                                      
201      001        401                  1           02-JAN-19           10     
       120                                                                      
                                                                                
202      002        401                  1 06-JUN-19 20-JAN-19           10     
       150                                                                      
                                                                                
203      003        402                  1 03-FEB-19 01-FEB-19            0     
       178                                                                      
                                                                                

ORDERID  ITEMID     CUSTID     NO_OF_ITEMS SHIPPED_D DATE_OF_O SHIPPING_FEE     
-------- ---------- ---------- ----------- --------- --------- ------------     
TOTAL_COST                                                                      
----------                                                                      
204      004        402                  1 13-MAR-19 12-MAR-19            0     
    123.45                                                                      
                                                                                
205      005        403                  1 19-APR-19 16-APR-19           10     
       157                                                                      
                                                                                
206      006        403                  1 12-MAY-19 11-MAY-19           10     
       245                                                                      
                                                                                

6 rows selected.

SQL> exec set_shippingDate('201','21-DEC-18');
BEGIN set_shippingDate('201','21-DEC-18'); END;

*
ERROR at line 1:
ORA-02290: check constraint (DRAIGOZA.DATE_SHIPPED_ORDERED_CHK) violated 
ORA-06512: at "DRAIGOZA.SET_SHIPPINGDATE", line 6 
ORA-06512: at line 1 


SQL> @ /home/draigoza/Desktop/MasterOwl_Sales/set_shipd.sql;

Procedure created.

No errors.
SQL> Create or Replace Procedure set_shippingDate(orderId1 ItemOrder.orderId%type, set_shipped_Date DATE)
  2  
  3  
  4  
SQL> 
SQL> @ /home/draigoza/Desktop/MasterOwl_Sales/set_shipd.sql;

Procedure created.

No errors.
SQL> exec set_shippingDate('201','21-DEC-18');
BEGIN set_shippingDate('201','21-DEC-18'); END;

*
ERROR at line 1:
ORA-02290: check constraint (DRAIGOZA.DATE_SHIPPED_ORDERED_CHK) violated 
ORA-06512: at "DRAIGOZA.SET_SHIPPINGDATE", line 8 
ORA-06512: at line 1 


SQL> @ /home/draigoza/Desktop/MasterOwl_Sales/set_shipd.sql;

Procedure created.

No errors.
SQL> exec set_shippingDate('201','21-DEC-18');
BEGIN set_shippingDate('201','21-DEC-18'); END;

*
ERROR at line 1:
ORA-02290: check constraint (DRAIGOZA.DATE_SHIPPED_ORDERED_CHK) violated 
ORA-06512: at "DRAIGOZA.SET_SHIPPINGDATE", line 8 
ORA-06512: at line 1 


SQL> @ /home/draigoza/Desktop/MasterOwl_Sales/set_shipd.sql;

Procedure created.

No errors.
SQL> exec set_shippingDate('201','21-DEC-18');
BEGIN set_shippingDate('201','21-DEC-18'); END;

*
ERROR at line 1:
ORA-02290: check constraint (DRAIGOZA.DATE_SHIPPED_ORDERED_CHK) violated 
ORA-06512: at "DRAIGOZA.SET_SHIPPINGDATE", line 8 
ORA-06512: at line 1 


SQL> @ /home/draigoza/Desktop/MasterOwl_Sales/set_shipd.sql;

Procedure created.

No errors.
SQL> exec set_shippingDate('201','21-DEC-19');

PL/SQL procedure successfully completed.

SQL> select * from ItemOrder;

ORDERID  ITEMID     CUSTID     NO_OF_ITEMS SHIPPED_D DATE_OF_O SHIPPING_FEE     
-------- ---------- ---------- ----------- --------- --------- ------------     
TOTAL_COST                                                                      
----------                                                                      
201      001        401                  1 21-DEC-19 02-JAN-19           10     
       120                                                                      
                                                                                
202      002        401                  1 06-JUN-19 20-JAN-19           10     
       150                                                                      
                                                                                
203      003        402                  1 03-FEB-19 01-FEB-19            0     
       178                                                                      
                                                                                

ORDERID  ITEMID     CUSTID     NO_OF_ITEMS SHIPPED_D DATE_OF_O SHIPPING_FEE     
-------- ---------- ---------- ----------- --------- --------- ------------     
TOTAL_COST                                                                      
----------                                                                      
204      004        402                  1 13-MAR-19 12-MAR-19            0     
    123.45                                                                      
                                                                                
205      005        403                  1 19-APR-19 16-APR-19           10     
       157                                                                      
                                                                                
206      006        403                  1 12-MAY-19 11-MAY-19           10     
       245                                                                      
                                                                                

6 rows selected.

SQL> @ /home/draigoza/Desktop/MasterOwl_Sales/com_Tot.sql;

Warning: Function created with compilation errors.

Errors for FUNCTION COMPUTE_TOTAL:

LINE/COL ERROR                                                                  
-------- -----------------------------------------------------------------      
2/16     PLS-00103: Encountered the symbol "(" when expecting one of the        
         following:                                                             
         . @ % ; is authid as cluster order using external character            
         deterministic parallel_enable pipelined aggregate                      
         result_cache                                                           
                                                                                
3/1      PLS-00103: Encountered the symbol "IS" when expecting one of the       
         following:                                                             
         , * & - + / at mod remainder rem <an identifier>                       
         <a double-quoted delimited-identifier> <an exponent (**)> as           
         from into || multiset bulk year day                                    

LINE/COL ERROR                                                                  
-------- -----------------------------------------------------------------      
                                                                                
17/4     PLS-00103: Encountered the symbol "end-of-file" when expecting         
         one of the following:                                                  
         end not pragma final instantiable order overriding static              
         member constructor map                                                 
                                                                                
SQL> @ /home/draigoza/Desktop/MasterOwl_Sales/com_Tot.sql;

Function created.

No errors.
SQL> select * rom ItemOrder;
select * rom ItemOrder
         *
ERROR at line 1:
ORA-00923: FROM keyword not found where expected 


SQL> select * from ItemOrder;

ORDERID  ITEMID     CUSTID     NO_OF_ITEMS SHIPPED_D DATE_OF_O SHIPPING_FEE     
-------- ---------- ---------- ----------- --------- --------- ------------     
TOTAL_COST                                                                      
----------                                                                      
201      001        401                  1 21-DEC-19 02-JAN-19           10     
       120                                                                      
                                                                                
202      002        401                  1 06-JUN-19 20-JAN-19           10     
       150                                                                      
                                                                                
203      003        402                  1 03-FEB-19 01-FEB-19            0     
       178                                                                      
                                                                                

ORDERID  ITEMID     CUSTID     NO_OF_ITEMS SHIPPED_D DATE_OF_O SHIPPING_FEE     
-------- ---------- ---------- ----------- --------- --------- ------------     
TOTAL_COST                                                                      
----------                                                                      
204      004        402                  1 13-MAR-19 12-MAR-19            0     
    123.45                                                                      
                                                                                
205      005        403                  1 19-APR-19 16-APR-19           10     
       157                                                                      
                                                                                
206      006        403                  1 12-MAY-19 11-MAY-19           10     
       245                                                                      
                                                                                

6 rows selected.

SQL> exec compute_Total('207');
BEGIN compute_Total('207'); END;

      *
ERROR at line 1:
ORA-06550: line 1, column 7: 
PLS-00221: 'COMPUTE_TOTAL' is not a procedure or is undefined 
ORA-06550: line 1, column 7: 
PL/SQL: Statement ignored 


SQL> exec compute_Total('207');
BEGIN compute_Total('207'); END;

      *
ERROR at line 1:
ORA-06550: line 1, column 7: 
PLS-00221: 'COMPUTE_TOTAL' is not a procedure or is undefined 
ORA-06550: line 1, column 7: 
PL/SQL: Statement ignored 


SQL> @ /home/draigoza/Desktop/MasterOwl_Sales/com_Tot.sql;

Function created.

No errors.
SQL> exec compute_Total('207');
BEGIN compute_Total('207'); END;

      *
ERROR at line 1:
ORA-06550: line 1, column 7: 
PLS-00221: 'COMPUTE_TOTAL' is not a procedure or is undefined 
ORA-06550: line 1, column 7: 
PL/SQL: Statement ignored 


SQL> select compute_Total('207') from Dual;

COMPUTE_TOTAL('207')                                                            
--------------------                                                            
                   0                                                            

SQL> spool off;
